// Jest Snapshot v1, https://goo.gl/fbAQLP

exports[`renders correctly 1`] = `
<nav
  aria-label="breadcrumb"
  className="MuiTypography-root MuiTypography-body1 MuiBreadcrumbs-root css-1a0xqkg-MuiTypography-root-MuiBreadcrumbs-root"
>
  <ol
    className="MuiBreadcrumbs-ol css-4pdmu4-MuiBreadcrumbs-ol"
  >
    <li
      className="MuiBreadcrumbs-li"
    >
      <a
        className="MuiTypography-root MuiTypography-inherit MuiLink-root MuiLink-underlineNone css-1n8yj6x-MuiTypography-root-MuiLink-root"
        href="#"
        onBlur={[Function]}
        onClick={[Function]}
        onFocus={[Function]}
      >
        Home
      </a>
    </li>
    <li
      aria-hidden={true}
      className="MuiBreadcrumbs-separator css-1wuw8dw-MuiBreadcrumbs-separator"
    >
      <svg
        aria-hidden={true}
        className="MuiSvgIcon-root MuiSvgIcon-fontSizeSmall css-ptiqhd-MuiSvgIcon-root"
        data-testid="NavigateNextIcon"
        focusable="false"
        viewBox="0 0 24 24"
      >
        <path
          d="M10 6 8.59 7.41 13.17 12l-4.58 4.59L10 18l6-6z"
        />
      </svg>
    </li>
    <li
      className="MuiBreadcrumbs-li"
    >
      <p
        className="MuiTypography-root MuiTypography-body1 css-1gqyz35-MuiTypography-root"
      >
        Cart
      </p>
    </li>
  </ol>
</nav>
`;
